==============================================================================
ZPEPG ARCHIVE REGISTRY - ON-CHAIN INTEGRATION TEST REPORT
==============================================================================
Started:  2026-06-30T15:20:35.670195+00:00
Finished: 2026-06-30T15:20:48.166163+00:00
Total duration: 12.50s

TOTAL: 1   PASSED: 1   FAILED: 0
==============================================================================

[1/1] PASS  Pause - happy path
    expected:  should succeed
    duration:  1.28s
    tx_id:     4ab935399e2964e37862d5b52f3bb7bd2b703a3dc8092dc5fb3ffafba0d55662
    detail:    Paused, nonce 0->1, is_paused=True

==============================================================================
SUMMARY
==============================================================================
  PASS  Pause - happy path